{
    "-profile test_clustal": {
        "content": [
            {
                "CHECKALIGNED": {
                    "biopython": 1.84,
                    "python": "3.12.12"
                },
                "CHECKNAMECONSISTENCY": {
                    "biopython": 1.84,
                    "python": "3.12.12"
                },
                "EMBOSS_SEQRET": {
                    "emboss": "6.6.0.0"
                },
                "EPANG_PLACE": {
                    "epa-ng": "0.3.8"
                },
                "IQTREE": {
                    "iqtree": "2.4.0"
                },
                "RESOLVETAXONOMY": {
                    "python": "3.12.12"
                },
                "SATIVALOOSPLIT": {
                    "biopython": 1.84,
                    "python": "3.12.12"
                },
                "SATIVASCORE": {
                    "python": "3.11.10"
                },
                "TAXONOMYTREE": {
                    "python": "3.11.10"
                },
                "Workflow": {
                    "nf-core/taxmarker": "v1.0.0dev"
                }
            },
            [
                "checkaligned",
                "checkaligned/user-alignment.aligned.fasta",
                "checknameconsistency",
                "checknameconsistency/user-alignment.checked.aln",
                "checknameconsistency/user-alignment.checked.tax",
                "emboss",
                "emboss/user-alignment.fasta",
                "epang",
                "epang/user-alignment_0001.epa_info.log",
                "epang/user-alignment_0001.epa_result.jplace.gz",
                "epang/user-alignment_0002.epa_info.log",
                "epang/user-alignment_0002.epa_result.jplace.gz",
                "epang/user-alignment_0003.epa_info.log",
                "epang/user-alignment_0003.epa_result.jplace.gz",
                "epang/user-alignment_0004.epa_info.log",
                "epang/user-alignment_0004.epa_result.jplace.gz",
                "epang/user-alignment_0005.epa_info.log",
                "epang/user-alignment_0005.epa_result.jplace.gz",
                "epang/user-alignment_0006.epa_info.log",
                "epang/user-alignment_0006.epa_result.jplace.gz",
                "epang/user-alignment_0007.epa_info.log",
                "epang/user-alignment_0007.epa_result.jplace.gz",
                "epang/user-alignment_0008.epa_info.log",
                "epang/user-alignment_0008.epa_result.jplace.gz",
                "epang/user-alignment_0009.epa_info.log",
                "epang/user-alignment_0009.epa_result.jplace.gz",
                "epang/user-alignment_0010.epa_info.log",
                "epang/user-alignment_0010.epa_result.jplace.gz",
                "epang/user-alignment_0011.epa_info.log",
                "epang/user-alignment_0011.epa_result.jplace.gz",
                "epang/user-alignment_0012.epa_info.log",
                "epang/user-alignment_0012.epa_result.jplace.gz",
                "epang/user-alignment_0013.epa_info.log",
                "epang/user-alignment_0013.epa_result.jplace.gz",
                "epang/user-alignment_0014.epa_info.log",
                "epang/user-alignment_0014.epa_result.jplace.gz",
                "epang/user-alignment_0015.epa_info.log",
                "epang/user-alignment_0015.epa_result.jplace.gz",
                "epang/user-alignment_0016.epa_info.log",
                "epang/user-alignment_0016.epa_result.jplace.gz",
                "epang/user-alignment_0017.epa_info.log",
                "epang/user-alignment_0017.epa_result.jplace.gz",
                "epang/user-alignment_0018.epa_info.log",
                "epang/user-alignment_0018.epa_result.jplace.gz",
                "epang/user-alignment_0019.epa_info.log",
                "epang/user-alignment_0019.epa_result.jplace.gz",
                "epang/user-alignment_0020.epa_info.log",
                "epang/user-alignment_0020.epa_result.jplace.gz",
                "epang/user-alignment_0021.epa_info.log",
                "epang/user-alignment_0021.epa_result.jplace.gz",
                "epang/user-alignment_0022.epa_info.log",
                "epang/user-alignment_0022.epa_result.jplace.gz",
                "epang/user-alignment_0023.epa_info.log",
                "epang/user-alignment_0023.epa_result.jplace.gz",
                "epang/user-alignment_0024.epa_info.log",
                "epang/user-alignment_0024.epa_result.jplace.gz",
                "epang/user-alignment_0025.epa_info.log",
                "epang/user-alignment_0025.epa_result.jplace.gz",
                "epang/user-alignment_0026.epa_info.log",
                "epang/user-alignment_0026.epa_result.jplace.gz",
                "epang/user-alignment_0027.epa_info.log",
                "epang/user-alignment_0027.epa_result.jplace.gz",
                "epang/user-alignment_0028.epa_info.log",
                "epang/user-alignment_0028.epa_result.jplace.gz",
                "epang/user-alignment_0029.epa_info.log",
                "epang/user-alignment_0029.epa_result.jplace.gz",
                "epang/user-alignment_0030.epa_info.log",
                "epang/user-alignment_0030.epa_result.jplace.gz",
                "epang/user-alignment_0031.epa_info.log",
                "epang/user-alignment_0031.epa_result.jplace.gz",
                "epang/user-alignment_0032.epa_info.log",
                "epang/user-alignment_0032.epa_result.jplace.gz",
                "epang/user-alignment_0033.epa_info.log",
                "epang/user-alignment_0033.epa_result.jplace.gz",
                "epang/user-alignment_0034.epa_info.log",
                "epang/user-alignment_0034.epa_result.jplace.gz",
                "epang/user-alignment_0035.epa_info.log",
                "epang/user-alignment_0035.epa_result.jplace.gz",
                "epang/user-alignment_0036.epa_info.log",
                "epang/user-alignment_0036.epa_result.jplace.gz",
                "epang/user-alignment_0037.epa_info.log",
                "epang/user-alignment_0037.epa_result.jplace.gz",
                "epang/user-alignment_0038.epa_info.log",
                "epang/user-alignment_0038.epa_result.jplace.gz",
                "epang/user-alignment_0039.epa_info.log",
                "epang/user-alignment_0039.epa_result.jplace.gz",
                "epang/user-alignment_0040.epa_info.log",
                "epang/user-alignment_0040.epa_result.jplace.gz",
                "iqtree",
                "iqtree/user-alignment.iqtree",
                "iqtree/user-alignment.log",
                "iqtree/user-alignment.treefile",
                "mislabels",
                "mislabels/user-alignment.mislabels.tsv",
                "multiqc",
                "multiqc/multiqc_data",
                "multiqc/multiqc_data/llms-full.txt",
                "multiqc/multiqc_data/multiqc.log",
                "multiqc/multiqc_data/multiqc.parquet",
                "multiqc/multiqc_data/multiqc_citations.txt",
                "multiqc/multiqc_data/multiqc_data.json",
                "multiqc/multiqc_data/multiqc_software_versions.txt",
                "multiqc/multiqc_data/multiqc_sources.txt",
                "multiqc/multiqc_report.html",
                "pipeline_info",
                "pipeline_info/nf_core_taxmarker_software_mqc_versions.yml",
                "resolvetaxonomy",
                "resolvetaxonomy/user-alignment.resolved.aln",
                "resolvetaxonomy/user-alignment.resolved.tax",
                "resolvetaxonomy/user-alignment.warnings.txt",
                "sativaloosplit",
                "sativaloosplit/queryaln",
                "sativaloosplit/queryaln/0001_UnpCCeti.query.fasta",
                "sativaloosplit/queryaln/0002_UnpSomer.query.fasta",
                "sativaloosplit/queryaln/0003_UpbRectu.query.fasta",
                "sativaloosplit/queryaln/0004_UxjAloci.query.fasta",
                "sativaloosplit/queryaln/0005_UyvCanif.query.fasta",
                "sativaloosplit/queryaln/0006_UyvEquin.query.fasta",
                "sativaloosplit/queryaln/0007_UyvGonid.query.fasta",
                "sativaloosplit/queryaln/0008_UyvMorti.query.fasta",
                "sativaloosplit/queryaln/0009_UyvNecro.query.fasta",
                "sativaloosplit/queryaln/0010_UyvNecr2.query.fasta",
                "sativaloosplit/queryaln/0011_UyvNecr3.query.fasta",
                "sativaloosplit/queryaln/0012_UyvNucle.query.fasta",
                "sativaloosplit/queryaln/0013_UyvNucl2.query.fasta",
                "sativaloosplit/queryaln/0014_UyvNucl3.query.fasta",
                "sativaloosplit/queryaln/0015_UyvNucl4.query.fasta",
                "sativaloosplit/queryaln/0016_UyvNucl5.query.fasta",
                "sativaloosplit/queryaln/0017_UyvPerfo.query.fasta",
                "sativaloosplit/queryaln/0018_UyvPerio.query.fasta",
                "sativaloosplit/queryaln/0019_UyvRussi.query.fasta",
                "sativaloosplit/queryaln/0020_UyvSimia.query.fasta",
                "sativaloosplit/queryaln/0021_UyvUlcer.query.fasta",
                "sativaloosplit/queryaln/0022_UyvVariu.query.fasta",
                "sativaloosplit/queryaln/0023_VejInsue.query.fasta",
                "sativaloosplit/queryaln/0024_VejPolyt.query.fasta",
                "sativaloosplit/queryaln/0025_VejTarta.query.fasta",
                "sativaloosplit/queryaln/0026_VikBucca.query.fasta",
                "sativaloosplit/queryaln/0027_VikGoodf.query.fasta",
                "sativaloosplit/queryaln/0028_VikHofst.query.fasta",
                "sativaloosplit/queryaln/0029_VikSpeci.query.fasta",
                "sativaloosplit/queryaln/0030_VikShahi.query.fasta",
                "sativaloosplit/queryaln/0031_VikTrevi.query.fasta",
                "sativaloosplit/queryaln/0032_VikWadei.query.fasta",
                "sativaloosplit/queryaln/0033_VxsMaris.query.fasta",
                "sativaloosplit/queryaln/0034_VxsModes.query.fasta",
                "sativaloosplit/queryaln/0035_VzeAtlan.query.fasta",
                "sativaloosplit/queryaln/0036_WekTermi.query.fasta",
                "sativaloosplit/queryaln/0037_WgeSangu.query.fasta",
                "sativaloosplit/queryaln/0038_WicMonil.query.fasta",
                "sativaloosplit/queryaln/0039_DupSeq01.query.fasta",
                "sativaloosplit/queryaln/0040_DupSeq02.query.fasta",
                "sativaloosplit/referencealn",
                "sativaloosplit/referencealn/0001_UnpCCeti.reference.fasta",
                "sativaloosplit/referencealn/0002_UnpSomer.reference.fasta",
                "sativaloosplit/referencealn/0003_UpbRectu.reference.fasta",
                "sativaloosplit/referencealn/0004_UxjAloci.reference.fasta",
                "sativaloosplit/referencealn/0005_UyvCanif.reference.fasta",
                "sativaloosplit/referencealn/0006_UyvEquin.reference.fasta",
                "sativaloosplit/referencealn/0007_UyvGonid.reference.fasta",
                "sativaloosplit/referencealn/0008_UyvMorti.reference.fasta",
                "sativaloosplit/referencealn/0009_UyvNecro.reference.fasta",
                "sativaloosplit/referencealn/0010_UyvNecr2.reference.fasta",
                "sativaloosplit/referencealn/0011_UyvNecr3.reference.fasta",
                "sativaloosplit/referencealn/0012_UyvNucle.reference.fasta",
                "sativaloosplit/referencealn/0013_UyvNucl2.reference.fasta",
                "sativaloosplit/referencealn/0014_UyvNucl3.reference.fasta",
                "sativaloosplit/referencealn/0015_UyvNucl4.reference.fasta",
                "sativaloosplit/referencealn/0016_UyvNucl5.reference.fasta",
                "sativaloosplit/referencealn/0017_UyvPerfo.reference.fasta",
                "sativaloosplit/referencealn/0018_UyvPerio.reference.fasta",
                "sativaloosplit/referencealn/0019_UyvRussi.reference.fasta",
                "sativaloosplit/referencealn/0020_UyvSimia.reference.fasta",
                "sativaloosplit/referencealn/0021_UyvUlcer.reference.fasta",
                "sativaloosplit/referencealn/0022_UyvVariu.reference.fasta",
                "sativaloosplit/referencealn/0023_VejInsue.reference.fasta",
                "sativaloosplit/referencealn/0024_VejPolyt.reference.fasta",
                "sativaloosplit/referencealn/0025_VejTarta.reference.fasta",
                "sativaloosplit/referencealn/0026_VikBucca.reference.fasta",
                "sativaloosplit/referencealn/0027_VikGoodf.reference.fasta",
                "sativaloosplit/referencealn/0028_VikHofst.reference.fasta",
                "sativaloosplit/referencealn/0029_VikSpeci.reference.fasta",
                "sativaloosplit/referencealn/0030_VikShahi.reference.fasta",
                "sativaloosplit/referencealn/0031_VikTrevi.reference.fasta",
                "sativaloosplit/referencealn/0032_VikWadei.reference.fasta",
                "sativaloosplit/referencealn/0033_VxsMaris.reference.fasta",
                "sativaloosplit/referencealn/0034_VxsModes.reference.fasta",
                "sativaloosplit/referencealn/0035_VzeAtlan.reference.fasta",
                "sativaloosplit/referencealn/0036_WekTermi.reference.fasta",
                "sativaloosplit/referencealn/0037_WgeSangu.reference.fasta",
                "sativaloosplit/referencealn/0038_WicMonil.reference.fasta",
                "sativaloosplit/referencealn/0039_DupSeq01.reference.fasta",
                "sativaloosplit/referencealn/0040_DupSeq02.reference.fasta",
                "sativaloosplit/referencetree",
                "sativaloosplit/referencetree/0001_UnpCCeti.tree.nwk",
                "sativaloosplit/referencetree/0002_UnpSomer.tree.nwk",
                "sativaloosplit/referencetree/0003_UpbRectu.tree.nwk",
                "sativaloosplit/referencetree/0004_UxjAloci.tree.nwk",
                "sativaloosplit/referencetree/0005_UyvCanif.tree.nwk",
                "sativaloosplit/referencetree/0006_UyvEquin.tree.nwk",
                "sativaloosplit/referencetree/0007_UyvGonid.tree.nwk",
                "sativaloosplit/referencetree/0008_UyvMorti.tree.nwk",
                "sativaloosplit/referencetree/0009_UyvNecro.tree.nwk",
                "sativaloosplit/referencetree/0010_UyvNecr2.tree.nwk",
                "sativaloosplit/referencetree/0011_UyvNecr3.tree.nwk",
                "sativaloosplit/referencetree/0012_UyvNucle.tree.nwk",
                "sativaloosplit/referencetree/0013_UyvNucl2.tree.nwk",
                "sativaloosplit/referencetree/0014_UyvNucl3.tree.nwk",
                "sativaloosplit/referencetree/0015_UyvNucl4.tree.nwk",
                "sativaloosplit/referencetree/0016_UyvNucl5.tree.nwk",
                "sativaloosplit/referencetree/0017_UyvPerfo.tree.nwk",
                "sativaloosplit/referencetree/0018_UyvPerio.tree.nwk",
                "sativaloosplit/referencetree/0019_UyvRussi.tree.nwk",
                "sativaloosplit/referencetree/0020_UyvSimia.tree.nwk",
                "sativaloosplit/referencetree/0021_UyvUlcer.tree.nwk",
                "sativaloosplit/referencetree/0022_UyvVariu.tree.nwk",
                "sativaloosplit/referencetree/0023_VejInsue.tree.nwk",
                "sativaloosplit/referencetree/0024_VejPolyt.tree.nwk",
                "sativaloosplit/referencetree/0025_VejTarta.tree.nwk",
                "sativaloosplit/referencetree/0026_VikBucca.tree.nwk",
                "sativaloosplit/referencetree/0027_VikGoodf.tree.nwk",
                "sativaloosplit/referencetree/0028_VikHofst.tree.nwk",
                "sativaloosplit/referencetree/0029_VikSpeci.tree.nwk",
                "sativaloosplit/referencetree/0030_VikShahi.tree.nwk",
                "sativaloosplit/referencetree/0031_VikTrevi.tree.nwk",
                "sativaloosplit/referencetree/0032_VikWadei.tree.nwk",
                "sativaloosplit/referencetree/0033_VxsMaris.tree.nwk",
                "sativaloosplit/referencetree/0034_VxsModes.tree.nwk",
                "sativaloosplit/referencetree/0035_VzeAtlan.tree.nwk",
                "sativaloosplit/referencetree/0036_WekTermi.tree.nwk",
                "sativaloosplit/referencetree/0037_WgeSangu.tree.nwk",
                "sativaloosplit/referencetree/0038_WicMonil.tree.nwk",
                "sativaloosplit/referencetree/0039_DupSeq01.tree.nwk",
                "sativaloosplit/referencetree/0040_DupSeq02.tree.nwk",
                "sativascore",
                "sativascore/user-alignment.mislabels.tsv",
                "sativascore/user-alignment.summary.txt",
                "taxonomytree",
                "taxonomytree/guide-tree.guide.nwk"
            ],
            [
                "user-alignment.aligned.fasta:md5,452d9754506eefcb9ed4891fc569f93a",
                "user-alignment.checked.aln:md5,472b9c04745fbae25485a58673c56386",
                "user-alignment.checked.tax:md5,f634269ab9aea1616bf9b76758f6cd44",
                "user-alignment.fasta:md5,452d9754506eefcb9ed4891fc569f93a",
                "multiqc_citations.txt:md5,4c806e63a283ec1b7e78cdae3a923d4f",
                "user-alignment.resolved.aln:md5,472b9c04745fbae25485a58673c56386",
                "user-alignment.resolved.tax:md5,f634269ab9aea1616bf9b76758f6cd44",
                "user-alignment.warnings.txt:md5,d41d8cd98f00b204e9800998ecf8427e",
                "guide-tree.guide.nwk:md5,d02bbee02826f3322e3833fc86702e44"
            ]
        ],
        "timestamp": "2026-09-16T16:41:59.875784026",
        "meta": {
            "nf-test": "0.9.4",
            "nextflow": "26.04.6"
        }
    }
}