{
    "-profile test_fasta": {
        "content": [
            {
                "CHECKALIGNED": {
                    "biopython": 1.84,
                    "python": "3.12.12"
                },
                "CHECKNAMECONSISTENCY": {
                    "biopython": 1.84,
                    "python": "3.12.12"
                },
                "EMBOSS_SEQRET": {
                    "emboss": "6.6.0.0"
                },
                "RAXMLNG_SEARCH": {
                    "raxmlng": "2.0.3"
                },
                "RESOLVETAXONOMY": {
                    "python": "3.12.12"
                },
                "SATIVAEPANG_LOOPLACE": {
                    "sativaepang": "0.10.0"
                },
                "SATIVAEPANG_LOOSCORE": {
                    "sativaepang": "0.10.0"
                },
                "SATIVAEPANG_LOOTASKS": {
                    "sativaepang": "0.10.0"
                },
                "SATIVAEPANG_MISREPORT": {
                    "python": "3.11.10"
                },
                "SATIVAEPANG_REFERENCE": {
                    "sativaepang": "0.10.0"
                },
                "TAXONOMYTREE": {
                    "python": "3.11.10"
                },
                "Workflow": {
                    "nf-core/taxmarker": "v1.0.0dev"
                }
            },
            [
                "checkaligned",
                "checkaligned/user-alignment.aligned.fasta",
                "checknameconsistency",
                "checknameconsistency/user-alignment.checked.alnfna",
                "checknameconsistency/user-alignment.checked.tax",
                "emboss",
                "emboss/user-alignment.fasta",
                "mislabels",
                "mislabels/user-alignment.mislabels.tsv",
                "multiqc",
                "multiqc/multiqc_data",
                "multiqc/multiqc_data/llms-full.txt",
                "multiqc/multiqc_data/multiqc.log",
                "multiqc/multiqc_data/multiqc.parquet",
                "multiqc/multiqc_data/multiqc_citations.txt",
                "multiqc/multiqc_data/multiqc_data.json",
                "multiqc/multiqc_data/multiqc_software_versions.txt",
                "multiqc/multiqc_data/multiqc_sources.txt",
                "multiqc/multiqc_report.html",
                "pipeline_info",
                "pipeline_info/nf_core_taxmarker_software_mqc_versions.yml",
                "raxmlng",
                "raxmlng/user-alignment.raxml.bestModel",
                "raxmlng/user-alignment.raxml.bestTree",
                "raxmlng/user-alignment.raxml.log",
                "raxmlng/user-alignment.raxml.mlTrees",
                "raxmlng/user-alignment.raxml.startTree",
                "resolvetaxonomy",
                "resolvetaxonomy/user-alignment.resolved.alnfna",
                "resolvetaxonomy/user-alignment.resolved.tax",
                "resolvetaxonomy/user-alignment.warnings.txt",
                "sativaepang",
                "sativaepang/looplace",
                "sativaepang/looplace/user-alignment.l1o_tasks",
                "sativaepang/looplace/user-alignment.l1o_tasks/fold_000",
                "sativaepang/looplace/user-alignment.l1o_tasks/fold_000/epa_info.log",
                "sativaepang/looplace/user-alignment.l1o_tasks/fold_000/epa_result.jplace",
                "sativaepang/looplace/user-alignment.l1o_tasks/fold_000/epang.log",
                "sativaepang/looplace/user-alignment.l1o_tasks/fold_000/query.fasta",
                "sativaepang/looplace/user-alignment.l1o_tasks/fold_000/ref.fasta",
                "sativaepang/looplace/user-alignment.l1o_tasks/fold_000/ref.nwk",
                "sativaepang/looplace/user-alignment.l1o_tasks/fold_001",
                "sativaepang/looplace/user-alignment.l1o_tasks/fold_001/epa_info.log",
                "sativaepang/looplace/user-alignment.l1o_tasks/fold_001/epa_result.jplace",
                "sativaepang/looplace/user-alignment.l1o_tasks/fold_001/epang.log",
                "sativaepang/looplace/user-alignment.l1o_tasks/fold_001/query.fasta",
                "sativaepang/looplace/user-alignment.l1o_tasks/fold_001/ref.fasta",
                "sativaepang/looplace/user-alignment.l1o_tasks/fold_001/ref.nwk",
                "sativaepang/looplace/user-alignment.l1o_tasks/fold_002",
                "sativaepang/looplace/user-alignment.l1o_tasks/fold_002/epa_info.log",
                "sativaepang/looplace/user-alignment.l1o_tasks/fold_002/epa_result.jplace",
                "sativaepang/looplace/user-alignment.l1o_tasks/fold_002/epang.log",
                "sativaepang/looplace/user-alignment.l1o_tasks/fold_002/query.fasta",
                "sativaepang/looplace/user-alignment.l1o_tasks/fold_002/ref.fasta",
                "sativaepang/looplace/user-alignment.l1o_tasks/fold_002/ref.nwk",
                "sativaepang/looplace/user-alignment.l1o_tasks/fold_003",
                "sativaepang/looplace/user-alignment.l1o_tasks/fold_003/epa_info.log",
                "sativaepang/looplace/user-alignment.l1o_tasks/fold_003/epa_result.jplace",
                "sativaepang/looplace/user-alignment.l1o_tasks/fold_003/epang.log",
                "sativaepang/looplace/user-alignment.l1o_tasks/fold_003/query.fasta",
                "sativaepang/looplace/user-alignment.l1o_tasks/fold_003/ref.fasta",
                "sativaepang/looplace/user-alignment.l1o_tasks/fold_003/ref.nwk",
                "sativaepang/looplace/user-alignment.l1o_tasks/fold_004",
                "sativaepang/looplace/user-alignment.l1o_tasks/fold_004/epa_info.log",
                "sativaepang/looplace/user-alignment.l1o_tasks/fold_004/epa_result.jplace",
                "sativaepang/looplace/user-alignment.l1o_tasks/fold_004/epang.log",
                "sativaepang/looplace/user-alignment.l1o_tasks/fold_004/query.fasta",
                "sativaepang/looplace/user-alignment.l1o_tasks/fold_004/ref.fasta",
                "sativaepang/looplace/user-alignment.l1o_tasks/fold_004/ref.nwk",
                "sativaepang/looplace/user-alignment.l1o_tasks/fold_005",
                "sativaepang/looplace/user-alignment.l1o_tasks/fold_005/epa_info.log",
                "sativaepang/looplace/user-alignment.l1o_tasks/fold_005/epa_result.jplace",
                "sativaepang/looplace/user-alignment.l1o_tasks/fold_005/epang.log",
                "sativaepang/looplace/user-alignment.l1o_tasks/fold_005/query.fasta",
                "sativaepang/looplace/user-alignment.l1o_tasks/fold_005/ref.fasta",
                "sativaepang/looplace/user-alignment.l1o_tasks/fold_005/ref.nwk",
                "sativaepang/looplace/user-alignment.l1o_tasks/fold_006",
                "sativaepang/looplace/user-alignment.l1o_tasks/fold_006/epa_info.log",
                "sativaepang/looplace/user-alignment.l1o_tasks/fold_006/epa_result.jplace",
                "sativaepang/looplace/user-alignment.l1o_tasks/fold_006/epang.log",
                "sativaepang/looplace/user-alignment.l1o_tasks/fold_006/query.fasta",
                "sativaepang/looplace/user-alignment.l1o_tasks/fold_006/ref.fasta",
                "sativaepang/looplace/user-alignment.l1o_tasks/fold_006/ref.nwk",
                "sativaepang/looplace/user-alignment.l1o_tasks/fold_007",
                "sativaepang/looplace/user-alignment.l1o_tasks/fold_007/epa_info.log",
                "sativaepang/looplace/user-alignment.l1o_tasks/fold_007/epa_result.jplace",
                "sativaepang/looplace/user-alignment.l1o_tasks/fold_007/epang.log",
                "sativaepang/looplace/user-alignment.l1o_tasks/fold_007/query.fasta",
                "sativaepang/looplace/user-alignment.l1o_tasks/fold_007/ref.fasta",
                "sativaepang/looplace/user-alignment.l1o_tasks/fold_007/ref.nwk",
                "sativaepang/looplace/user-alignment.l1o_tasks/fold_008",
                "sativaepang/looplace/user-alignment.l1o_tasks/fold_008/epa_info.log",
                "sativaepang/looplace/user-alignment.l1o_tasks/fold_008/epa_result.jplace",
                "sativaepang/looplace/user-alignment.l1o_tasks/fold_008/epang.log",
                "sativaepang/looplace/user-alignment.l1o_tasks/fold_008/query.fasta",
                "sativaepang/looplace/user-alignment.l1o_tasks/fold_008/ref.fasta",
                "sativaepang/looplace/user-alignment.l1o_tasks/fold_008/ref.nwk",
                "sativaepang/looplace/user-alignment.l1o_tasks/fold_009",
                "sativaepang/looplace/user-alignment.l1o_tasks/fold_009/epa_info.log",
                "sativaepang/looplace/user-alignment.l1o_tasks/fold_009/epa_result.jplace",
                "sativaepang/looplace/user-alignment.l1o_tasks/fold_009/epang.log",
                "sativaepang/looplace/user-alignment.l1o_tasks/fold_009/query.fasta",
                "sativaepang/looplace/user-alignment.l1o_tasks/fold_009/ref.fasta",
                "sativaepang/looplace/user-alignment.l1o_tasks/fold_009/ref.nwk",
                "sativaepang/looplace/user-alignment.l1o_tasks/fold_010",
                "sativaepang/looplace/user-alignment.l1o_tasks/fold_010/epa_info.log",
                "sativaepang/looplace/user-alignment.l1o_tasks/fold_010/epa_result.jplace",
                "sativaepang/looplace/user-alignment.l1o_tasks/fold_010/epang.log",
                "sativaepang/looplace/user-alignment.l1o_tasks/fold_010/query.fasta",
                "sativaepang/looplace/user-alignment.l1o_tasks/fold_010/ref.fasta",
                "sativaepang/looplace/user-alignment.l1o_tasks/fold_010/ref.nwk",
                "sativaepang/looplace/user-alignment.l1o_tasks/fold_011",
                "sativaepang/looplace/user-alignment.l1o_tasks/fold_011/epa_info.log",
                "sativaepang/looplace/user-alignment.l1o_tasks/fold_011/epa_result.jplace",
                "sativaepang/looplace/user-alignment.l1o_tasks/fold_011/epang.log",
                "sativaepang/looplace/user-alignment.l1o_tasks/fold_011/query.fasta",
                "sativaepang/looplace/user-alignment.l1o_tasks/fold_011/ref.fasta",
                "sativaepang/looplace/user-alignment.l1o_tasks/fold_011/ref.nwk",
                "sativaepang/looplace/user-alignment.l1o_tasks/fold_012",
                "sativaepang/looplace/user-alignment.l1o_tasks/fold_012/epa_info.log",
                "sativaepang/looplace/user-alignment.l1o_tasks/fold_012/epa_result.jplace",
                "sativaepang/looplace/user-alignment.l1o_tasks/fold_012/epang.log",
                "sativaepang/looplace/user-alignment.l1o_tasks/fold_012/query.fasta",
                "sativaepang/looplace/user-alignment.l1o_tasks/fold_012/ref.fasta",
                "sativaepang/looplace/user-alignment.l1o_tasks/fold_012/ref.nwk",
                "sativaepang/looplace/user-alignment.l1o_tasks/fold_013",
                "sativaepang/looplace/user-alignment.l1o_tasks/fold_013/epa_info.log",
                "sativaepang/looplace/user-alignment.l1o_tasks/fold_013/epa_result.jplace",
                "sativaepang/looplace/user-alignment.l1o_tasks/fold_013/epang.log",
                "sativaepang/looplace/user-alignment.l1o_tasks/fold_013/query.fasta",
                "sativaepang/looplace/user-alignment.l1o_tasks/fold_013/ref.fasta",
                "sativaepang/looplace/user-alignment.l1o_tasks/fold_013/ref.nwk",
                "sativaepang/looplace/user-alignment.l1o_tasks/fold_014",
                "sativaepang/looplace/user-alignment.l1o_tasks/fold_014/epa_info.log",
                "sativaepang/looplace/user-alignment.l1o_tasks/fold_014/epa_result.jplace",
                "sativaepang/looplace/user-alignment.l1o_tasks/fold_014/epang.log",
                "sativaepang/looplace/user-alignment.l1o_tasks/fold_014/query.fasta",
                "sativaepang/looplace/user-alignment.l1o_tasks/fold_014/ref.fasta",
                "sativaepang/looplace/user-alignment.l1o_tasks/fold_014/ref.nwk",
                "sativaepang/looplace/user-alignment.l1o_tasks/fold_015",
                "sativaepang/looplace/user-alignment.l1o_tasks/fold_015/epa_info.log",
                "sativaepang/looplace/user-alignment.l1o_tasks/fold_015/epa_result.jplace",
                "sativaepang/looplace/user-alignment.l1o_tasks/fold_015/epang.log",
                "sativaepang/looplace/user-alignment.l1o_tasks/fold_015/query.fasta",
                "sativaepang/looplace/user-alignment.l1o_tasks/fold_015/ref.fasta",
                "sativaepang/looplace/user-alignment.l1o_tasks/fold_015/ref.nwk",
                "sativaepang/looplace/user-alignment.l1o_tasks/fold_016",
                "sativaepang/looplace/user-alignment.l1o_tasks/fold_016/epa_info.log",
                "sativaepang/looplace/user-alignment.l1o_tasks/fold_016/epa_result.jplace",
                "sativaepang/looplace/user-alignment.l1o_tasks/fold_016/epang.log",
                "sativaepang/looplace/user-alignment.l1o_tasks/fold_016/query.fasta",
                "sativaepang/looplace/user-alignment.l1o_tasks/fold_016/ref.fasta",
                "sativaepang/looplace/user-alignment.l1o_tasks/fold_016/ref.nwk",
                "sativaepang/looplace/user-alignment.l1o_tasks/fold_017",
                "sativaepang/looplace/user-alignment.l1o_tasks/fold_017/epa_info.log",
                "sativaepang/looplace/user-alignment.l1o_tasks/fold_017/epa_result.jplace",
                "sativaepang/looplace/user-alignment.l1o_tasks/fold_017/epang.log",
                "sativaepang/looplace/user-alignment.l1o_tasks/fold_017/query.fasta",
                "sativaepang/looplace/user-alignment.l1o_tasks/fold_017/ref.fasta",
                "sativaepang/looplace/user-alignment.l1o_tasks/fold_017/ref.nwk",
                "sativaepang/looplace/user-alignment.l1o_tasks/fold_018",
                "sativaepang/looplace/user-alignment.l1o_tasks/fold_018/epa_info.log",
                "sativaepang/looplace/user-alignment.l1o_tasks/fold_018/epa_result.jplace",
                "sativaepang/looplace/user-alignment.l1o_tasks/fold_018/epang.log",
                "sativaepang/looplace/user-alignment.l1o_tasks/fold_018/query.fasta",
                "sativaepang/looplace/user-alignment.l1o_tasks/fold_018/ref.fasta",
                "sativaepang/looplace/user-alignment.l1o_tasks/fold_018/ref.nwk",
                "sativaepang/looplace/user-alignment.l1o_tasks/fold_019",
                "sativaepang/looplace/user-alignment.l1o_tasks/fold_019/epa_info.log",
                "sativaepang/looplace/user-alignment.l1o_tasks/fold_019/epa_result.jplace",
                "sativaepang/looplace/user-alignment.l1o_tasks/fold_019/epang.log",
                "sativaepang/looplace/user-alignment.l1o_tasks/fold_019/query.fasta",
                "sativaepang/looplace/user-alignment.l1o_tasks/fold_019/ref.fasta",
                "sativaepang/looplace/user-alignment.l1o_tasks/fold_019/ref.nwk",
                "sativaepang/looplace/user-alignment.l1o_tasks/fold_020",
                "sativaepang/looplace/user-alignment.l1o_tasks/fold_020/epa_info.log",
                "sativaepang/looplace/user-alignment.l1o_tasks/fold_020/epa_result.jplace",
                "sativaepang/looplace/user-alignment.l1o_tasks/fold_020/epang.log",
                "sativaepang/looplace/user-alignment.l1o_tasks/fold_020/query.fasta",
                "sativaepang/looplace/user-alignment.l1o_tasks/fold_020/ref.fasta",
                "sativaepang/looplace/user-alignment.l1o_tasks/fold_020/ref.nwk",
                "sativaepang/looplace/user-alignment.l1o_tasks/fold_021",
                "sativaepang/looplace/user-alignment.l1o_tasks/fold_021/epa_info.log",
                "sativaepang/looplace/user-alignment.l1o_tasks/fold_021/epa_result.jplace",
                "sativaepang/looplace/user-alignment.l1o_tasks/fold_021/epang.log",
                "sativaepang/looplace/user-alignment.l1o_tasks/fold_021/query.fasta",
                "sativaepang/looplace/user-alignment.l1o_tasks/fold_021/ref.fasta",
                "sativaepang/looplace/user-alignment.l1o_tasks/fold_021/ref.nwk",
                "sativaepang/looplace/user-alignment.l1o_tasks/fold_022",
                "sativaepang/looplace/user-alignment.l1o_tasks/fold_022/epa_info.log",
                "sativaepang/looplace/user-alignment.l1o_tasks/fold_022/epa_result.jplace",
                "sativaepang/looplace/user-alignment.l1o_tasks/fold_022/epang.log",
                "sativaepang/looplace/user-alignment.l1o_tasks/fold_022/query.fasta",
                "sativaepang/looplace/user-alignment.l1o_tasks/fold_022/ref.fasta",
                "sativaepang/looplace/user-alignment.l1o_tasks/fold_022/ref.nwk",
                "sativaepang/looplace/user-alignment.l1o_tasks/fold_023",
                "sativaepang/looplace/user-alignment.l1o_tasks/fold_023/epa_info.log",
                "sativaepang/looplace/user-alignment.l1o_tasks/fold_023/epa_result.jplace",
                "sativaepang/looplace/user-alignment.l1o_tasks/fold_023/epang.log",
                "sativaepang/looplace/user-alignment.l1o_tasks/fold_023/query.fasta",
                "sativaepang/looplace/user-alignment.l1o_tasks/fold_023/ref.fasta",
                "sativaepang/looplace/user-alignment.l1o_tasks/fold_023/ref.nwk",
                "sativaepang/looplace/user-alignment.l1o_tasks/fold_024",
                "sativaepang/looplace/user-alignment.l1o_tasks/fold_024/epa_info.log",
                "sativaepang/looplace/user-alignment.l1o_tasks/fold_024/epa_result.jplace",
                "sativaepang/looplace/user-alignment.l1o_tasks/fold_024/epang.log",
                "sativaepang/looplace/user-alignment.l1o_tasks/fold_024/query.fasta",
                "sativaepang/looplace/user-alignment.l1o_tasks/fold_024/ref.fasta",
                "sativaepang/looplace/user-alignment.l1o_tasks/fold_024/ref.nwk",
                "sativaepang/looplace/user-alignment.l1o_tasks/manifest.json",
                "sativaepang/lootasks",
                "sativaepang/lootasks/user-alignment.l1o_tasks",
                "sativaepang/lootasks/user-alignment.l1o_tasks/fold_000",
                "sativaepang/lootasks/user-alignment.l1o_tasks/fold_000/query.fasta",
                "sativaepang/lootasks/user-alignment.l1o_tasks/fold_000/ref.fasta",
                "sativaepang/lootasks/user-alignment.l1o_tasks/fold_000/ref.nwk",
                "sativaepang/lootasks/user-alignment.l1o_tasks/fold_001",
                "sativaepang/lootasks/user-alignment.l1o_tasks/fold_001/query.fasta",
                "sativaepang/lootasks/user-alignment.l1o_tasks/fold_001/ref.fasta",
                "sativaepang/lootasks/user-alignment.l1o_tasks/fold_001/ref.nwk",
                "sativaepang/lootasks/user-alignment.l1o_tasks/fold_002",
                "sativaepang/lootasks/user-alignment.l1o_tasks/fold_002/query.fasta",
                "sativaepang/lootasks/user-alignment.l1o_tasks/fold_002/ref.fasta",
                "sativaepang/lootasks/user-alignment.l1o_tasks/fold_002/ref.nwk",
                "sativaepang/lootasks/user-alignment.l1o_tasks/fold_003",
                "sativaepang/lootasks/user-alignment.l1o_tasks/fold_003/query.fasta",
                "sativaepang/lootasks/user-alignment.l1o_tasks/fold_003/ref.fasta",
                "sativaepang/lootasks/user-alignment.l1o_tasks/fold_003/ref.nwk",
                "sativaepang/lootasks/user-alignment.l1o_tasks/fold_004",
                "sativaepang/lootasks/user-alignment.l1o_tasks/fold_004/query.fasta",
                "sativaepang/lootasks/user-alignment.l1o_tasks/fold_004/ref.fasta",
                "sativaepang/lootasks/user-alignment.l1o_tasks/fold_004/ref.nwk",
                "sativaepang/lootasks/user-alignment.l1o_tasks/fold_005",
                "sativaepang/lootasks/user-alignment.l1o_tasks/fold_005/query.fasta",
                "sativaepang/lootasks/user-alignment.l1o_tasks/fold_005/ref.fasta",
                "sativaepang/lootasks/user-alignment.l1o_tasks/fold_005/ref.nwk",
                "sativaepang/lootasks/user-alignment.l1o_tasks/fold_006",
                "sativaepang/lootasks/user-alignment.l1o_tasks/fold_006/query.fasta",
                "sativaepang/lootasks/user-alignment.l1o_tasks/fold_006/ref.fasta",
                "sativaepang/lootasks/user-alignment.l1o_tasks/fold_006/ref.nwk",
                "sativaepang/lootasks/user-alignment.l1o_tasks/fold_007",
                "sativaepang/lootasks/user-alignment.l1o_tasks/fold_007/query.fasta",
                "sativaepang/lootasks/user-alignment.l1o_tasks/fold_007/ref.fasta",
                "sativaepang/lootasks/user-alignment.l1o_tasks/fold_007/ref.nwk",
                "sativaepang/lootasks/user-alignment.l1o_tasks/fold_008",
                "sativaepang/lootasks/user-alignment.l1o_tasks/fold_008/query.fasta",
                "sativaepang/lootasks/user-alignment.l1o_tasks/fold_008/ref.fasta",
                "sativaepang/lootasks/user-alignment.l1o_tasks/fold_008/ref.nwk",
                "sativaepang/lootasks/user-alignment.l1o_tasks/fold_009",
                "sativaepang/lootasks/user-alignment.l1o_tasks/fold_009/query.fasta",
                "sativaepang/lootasks/user-alignment.l1o_tasks/fold_009/ref.fasta",
                "sativaepang/lootasks/user-alignment.l1o_tasks/fold_009/ref.nwk",
                "sativaepang/lootasks/user-alignment.l1o_tasks/fold_010",
                "sativaepang/lootasks/user-alignment.l1o_tasks/fold_010/query.fasta",
                "sativaepang/lootasks/user-alignment.l1o_tasks/fold_010/ref.fasta",
                "sativaepang/lootasks/user-alignment.l1o_tasks/fold_010/ref.nwk",
                "sativaepang/lootasks/user-alignment.l1o_tasks/fold_011",
                "sativaepang/lootasks/user-alignment.l1o_tasks/fold_011/query.fasta",
                "sativaepang/lootasks/user-alignment.l1o_tasks/fold_011/ref.fasta",
                "sativaepang/lootasks/user-alignment.l1o_tasks/fold_011/ref.nwk",
                "sativaepang/lootasks/user-alignment.l1o_tasks/fold_012",
                "sativaepang/lootasks/user-alignment.l1o_tasks/fold_012/query.fasta",
                "sativaepang/lootasks/user-alignment.l1o_tasks/fold_012/ref.fasta",
                "sativaepang/lootasks/user-alignment.l1o_tasks/fold_012/ref.nwk",
                "sativaepang/lootasks/user-alignment.l1o_tasks/fold_013",
                "sativaepang/lootasks/user-alignment.l1o_tasks/fold_013/query.fasta",
                "sativaepang/lootasks/user-alignment.l1o_tasks/fold_013/ref.fasta",
                "sativaepang/lootasks/user-alignment.l1o_tasks/fold_013/ref.nwk",
                "sativaepang/lootasks/user-alignment.l1o_tasks/fold_014",
                "sativaepang/lootasks/user-alignment.l1o_tasks/fold_014/query.fasta",
                "sativaepang/lootasks/user-alignment.l1o_tasks/fold_014/ref.fasta",
                "sativaepang/lootasks/user-alignment.l1o_tasks/fold_014/ref.nwk",
                "sativaepang/lootasks/user-alignment.l1o_tasks/fold_015",
                "sativaepang/lootasks/user-alignment.l1o_tasks/fold_015/query.fasta",
                "sativaepang/lootasks/user-alignment.l1o_tasks/fold_015/ref.fasta",
                "sativaepang/lootasks/user-alignment.l1o_tasks/fold_015/ref.nwk",
                "sativaepang/lootasks/user-alignment.l1o_tasks/fold_016",
                "sativaepang/lootasks/user-alignment.l1o_tasks/fold_016/query.fasta",
                "sativaepang/lootasks/user-alignment.l1o_tasks/fold_016/ref.fasta",
                "sativaepang/lootasks/user-alignment.l1o_tasks/fold_016/ref.nwk",
                "sativaepang/lootasks/user-alignment.l1o_tasks/fold_017",
                "sativaepang/lootasks/user-alignment.l1o_tasks/fold_017/query.fasta",
                "sativaepang/lootasks/user-alignment.l1o_tasks/fold_017/ref.fasta",
                "sativaepang/lootasks/user-alignment.l1o_tasks/fold_017/ref.nwk",
                "sativaepang/lootasks/user-alignment.l1o_tasks/fold_018",
                "sativaepang/lootasks/user-alignment.l1o_tasks/fold_018/query.fasta",
                "sativaepang/lootasks/user-alignment.l1o_tasks/fold_018/ref.fasta",
                "sativaepang/lootasks/user-alignment.l1o_tasks/fold_018/ref.nwk",
                "sativaepang/lootasks/user-alignment.l1o_tasks/fold_019",
                "sativaepang/lootasks/user-alignment.l1o_tasks/fold_019/query.fasta",
                "sativaepang/lootasks/user-alignment.l1o_tasks/fold_019/ref.fasta",
                "sativaepang/lootasks/user-alignment.l1o_tasks/fold_019/ref.nwk",
                "sativaepang/lootasks/user-alignment.l1o_tasks/fold_020",
                "sativaepang/lootasks/user-alignment.l1o_tasks/fold_020/query.fasta",
                "sativaepang/lootasks/user-alignment.l1o_tasks/fold_020/ref.fasta",
                "sativaepang/lootasks/user-alignment.l1o_tasks/fold_020/ref.nwk",
                "sativaepang/lootasks/user-alignment.l1o_tasks/fold_021",
                "sativaepang/lootasks/user-alignment.l1o_tasks/fold_021/query.fasta",
                "sativaepang/lootasks/user-alignment.l1o_tasks/fold_021/ref.fasta",
                "sativaepang/lootasks/user-alignment.l1o_tasks/fold_021/ref.nwk",
                "sativaepang/lootasks/user-alignment.l1o_tasks/fold_022",
                "sativaepang/lootasks/user-alignment.l1o_tasks/fold_022/query.fasta",
                "sativaepang/lootasks/user-alignment.l1o_tasks/fold_022/ref.fasta",
                "sativaepang/lootasks/user-alignment.l1o_tasks/fold_022/ref.nwk",
                "sativaepang/lootasks/user-alignment.l1o_tasks/fold_023",
                "sativaepang/lootasks/user-alignment.l1o_tasks/fold_023/query.fasta",
                "sativaepang/lootasks/user-alignment.l1o_tasks/fold_023/ref.fasta",
                "sativaepang/lootasks/user-alignment.l1o_tasks/fold_023/ref.nwk",
                "sativaepang/lootasks/user-alignment.l1o_tasks/fold_024",
                "sativaepang/lootasks/user-alignment.l1o_tasks/fold_024/query.fasta",
                "sativaepang/lootasks/user-alignment.l1o_tasks/fold_024/ref.fasta",
                "sativaepang/lootasks/user-alignment.l1o_tasks/fold_024/ref.nwk",
                "sativaepang/lootasks/user-alignment.l1o_tasks/manifest.json",
                "sativaepang/user-alignment.mis",
                "sativaepang/user-alignment.mislabels.tsv",
                "sativaepang/user-alignment.model",
                "sativaepang/user-alignment.refjson",
                "sativaepang/user-alignment.summary.txt",
                "taxonomytree",
                "taxonomytree/user-alignment.guide.nwk"
            ],
            [
                "user-alignment.aligned.fasta:md5,452d9754506eefcb9ed4891fc569f93a",
                "user-alignment.checked.alnfna:md5,736cc925350d2143c48f3a8b06a670c2",
                "user-alignment.checked.tax:md5,f634269ab9aea1616bf9b76758f6cd44",
                "user-alignment.fasta:md5,452d9754506eefcb9ed4891fc569f93a",
                "multiqc_citations.txt:md5,4c806e63a283ec1b7e78cdae3a923d4f",
                "user-alignment.raxml.bestModel:md5,e4951d026583d088cab27fa6b283e0de",
                "user-alignment.raxml.bestTree:md5,827abbbf1d0d1d899fa5baf74232e50f",
                "user-alignment.raxml.mlTrees:md5,836242746cf5bb00bcc643dfe40bb826",
                "user-alignment.raxml.startTree:md5,db7a9f3bc7cd31f23d1ae008181b193f",
                "user-alignment.resolved.alnfna:md5,736cc925350d2143c48f3a8b06a670c2",
                "user-alignment.resolved.tax:md5,f634269ab9aea1616bf9b76758f6cd44",
                "user-alignment.warnings.txt:md5,d41d8cd98f00b204e9800998ecf8427e",
                "epa_info.log:md5,a043a1649adfd6273131800f41769867",
                "epa_result.jplace:md5,8e1532a252a324e987b31e34d88a0da5",
                "epang.log:md5,a043a1649adfd6273131800f41769867",
                "query.fasta:md5,b8a08c188a7d3fcacc738c0639909261",
                "ref.fasta:md5,e625c7ab5b320b4a7a735763ae622157",
                "ref.nwk:md5,bc5244355d88f9c0bf837e20aca1a13a",
                "epa_info.log:md5,54882b83609615011f21c6481edc94da",
                "epa_result.jplace:md5,33b90d28ab6f7d103f1cbe6bcb18dc95",
                "epang.log:md5,54882b83609615011f21c6481edc94da",
                "query.fasta:md5,0f24ab05f1836e0537afe427a3e56417",
                "ref.fasta:md5,4d63460e36bfe6af9f0bb70bec1f1477",
                "ref.nwk:md5,12a252c27fa086f950a77ee6bcd8056c",
                "epa_info.log:md5,69fb0bdd5ea51455ed239141dfedcffa",
                "epa_result.jplace:md5,6145c059437b451f23a7541ced4522fd",
                "epang.log:md5,69fb0bdd5ea51455ed239141dfedcffa",
                "query.fasta:md5,3a582742088147e23524383cb947d391",
                "ref.fasta:md5,a6245d1ea540abe688d0510ebde3f3bb",
                "ref.nwk:md5,4bbfba7b1a9271fd92bbdc5acea770c6",
                "epa_info.log:md5,245f0bb68b9a5799e00c139da15de2a0",
                "epa_result.jplace:md5,a632890d92876307af3aa3f01262e36c",
                "epang.log:md5,245f0bb68b9a5799e00c139da15de2a0",
                "query.fasta:md5,05f31de10beab0442e98582603316cf4",
                "ref.fasta:md5,95a1512506d2dff83ef9ee0d21dcc53d",
                "ref.nwk:md5,bddeef3246646c41fe39706bcda98ba9",
                "epa_info.log:md5,e66fab6b7c79ea9197e210f748489c1f",
                "epa_result.jplace:md5,493ba4f0338afd57cf397fd85bd062f3",
                "epang.log:md5,e66fab6b7c79ea9197e210f748489c1f",
                "query.fasta:md5,89f9d7bb246c076765d08edde52a7297",
                "ref.fasta:md5,24d4f002414ebb1f38bf4fc45ed70169",
                "ref.nwk:md5,1488bfc112424d6101ae2147f0302823",
                "epa_info.log:md5,07cf40de7b71e0f9dad68363d667b03d",
                "epa_result.jplace:md5,4ca83fd28e7a9bd2f597297a2cee513d",
                "epang.log:md5,07cf40de7b71e0f9dad68363d667b03d",
                "query.fasta:md5,d0fe68aa9051e6f85cdcd447e311f970",
                "ref.fasta:md5,06ba3be65f374dd9aa67c6568088a61a",
                "ref.nwk:md5,309436f1123a53fb0f1b6e8da5933674",
                "epa_info.log:md5,b43590b7e1c33a286b84c88b39c25857",
                "epa_result.jplace:md5,a4aed21e8c35d4e5be607d50c3aad704",
                "epang.log:md5,b43590b7e1c33a286b84c88b39c25857",
                "query.fasta:md5,f6a9a3f9afbba433a2fe1e1f8540b98d",
                "ref.fasta:md5,4932b1a7d6fbf6bfa74cdeddce3d0bc8",
                "ref.nwk:md5,7a1ececb90f4f0352845d48a88672833",
                "epa_info.log:md5,7562461c4a291273f5e068d1dad610c9",
                "epa_result.jplace:md5,ce34b9baccffdf45ebd6c1a0d9e954d1",
                "epang.log:md5,7562461c4a291273f5e068d1dad610c9",
                "query.fasta:md5,a828e294961de90825b229e35f47f954",
                "ref.fasta:md5,260d5c44e3f090bb49088342e778369d",
                "ref.nwk:md5,32d7808522299f24080555da6ed6cc87",
                "epa_info.log:md5,74adca026e18e7436fcd5dd60367b503",
                "epa_result.jplace:md5,1799938e332d559ced716e8146e66822",
                "epang.log:md5,74adca026e18e7436fcd5dd60367b503",
                "query.fasta:md5,24e36ecc2a5f8d5bf510033a50e73f87",
                "ref.fasta:md5,98bd384cdcdd8750ec02f0b25bf0d115",
                "ref.nwk:md5,eee1c8227ef727c449ad62e23c974456",
                "epa_info.log:md5,53230acb45a32eea6dacc119b158e31d",
                "epa_result.jplace:md5,8bb5b589daa9ccf88fc736723060b453",
                "epang.log:md5,53230acb45a32eea6dacc119b158e31d",
                "query.fasta:md5,743bc43a27b913c424f2921911f324ca",
                "ref.fasta:md5,5bfcc21c82d8d6508f114d6d95630c1c",
                "ref.nwk:md5,35cec802d9b971977011561dab6fc13a",
                "epa_info.log:md5,86da2aceb0bbc8f31da4ade4cf8d0f92",
                "epa_result.jplace:md5,d314d327f5b2349a45ead0b8428dcf0b",
                "epang.log:md5,86da2aceb0bbc8f31da4ade4cf8d0f92",
                "query.fasta:md5,492f1143bbcdba22b483d9efa8678b54",
                "ref.fasta:md5,70eef254f1a7755892f8255442f127e8",
                "ref.nwk:md5,a8964d64922ff261bd0ea7c618fae7f3",
                "epa_info.log:md5,34c2b8e5e2e19816c0c55a4c14f1a261",
                "epa_result.jplace:md5,2ea9f0c04edb45689ca023e350df9a65",
                "epang.log:md5,34c2b8e5e2e19816c0c55a4c14f1a261",
                "query.fasta:md5,51561941ac0208f03ea4289955a69058",
                "ref.fasta:md5,0eb9dc98e9eaf08643c66ecf29e5fc60",
                "ref.nwk:md5,75199439bebfd611b64c0ca9bf67cbcf",
                "epa_info.log:md5,0990b134ee68f50b9061155e96a55947",
                "epa_result.jplace:md5,6cd6b552d97819d1347ae586dda57bc0",
                "epang.log:md5,0990b134ee68f50b9061155e96a55947",
                "query.fasta:md5,2aba6fdeccee285d7bc4bfb587d4bf94",
                "ref.fasta:md5,5a7816582409433cfa95961295d0e163",
                "ref.nwk:md5,df388e51c486dc0b23e815689ed9a729",
                "epa_info.log:md5,8eeda7439a4a625f36b1a9cfdee83005",
                "epa_result.jplace:md5,6e37a66b5eb5c016f90b9fb6543b01bb",
                "epang.log:md5,8eeda7439a4a625f36b1a9cfdee83005",
                "query.fasta:md5,9fd0bf4fdcc19c5fffee6e0f90aae21b",
                "ref.fasta:md5,8381f3e0c54a84f07532a4bd14c77f82",
                "ref.nwk:md5,a7c1ce07ab3e93551a654e05395b9d69",
                "epa_info.log:md5,6424c678f15115e1a34fe276fcaa6a09",
                "epa_result.jplace:md5,008d7560a5732fa2809d283b035f1d9a",
                "epang.log:md5,6424c678f15115e1a34fe276fcaa6a09",
                "query.fasta:md5,63422105d1afc812972c4b164833952a",
                "ref.fasta:md5,d1ad2ba1373f1cf1c16681b54e4a15b2",
                "ref.nwk:md5,067a51e0a6a3041cafd674968facf868",
                "epa_info.log:md5,59f27d9ec2ac3dbd46c15501643a2ea1",
                "epa_result.jplace:md5,bde2952eb7b4a3780e8d76e853f94b89",
                "epang.log:md5,59f27d9ec2ac3dbd46c15501643a2ea1",
                "query.fasta:md5,d4ebfa9cb2ac8c7536489cdc83118078",
                "ref.fasta:md5,1c95e636f5749cc31f287d69fdcebc39",
                "ref.nwk:md5,c4f00018de5986e33c91a11111c84ad0",
                "epa_info.log:md5,de95aa7ae8ae80b8a8784318b43df20a",
                "epa_result.jplace:md5,65cff7d7fa41214ffaa05d8a88d2e309",
                "epang.log:md5,de95aa7ae8ae80b8a8784318b43df20a",
                "query.fasta:md5,c7707e9134deddd6e3cd4fb7445b2cd8",
                "ref.fasta:md5,77436eb2ad69e452f665b6add2342ee4",
                "ref.nwk:md5,7c1f9df39365d3612ec6be04cb4d5d63",
                "epa_info.log:md5,a9a10d3a4ec117d5f4165eafc289478e",
                "epa_result.jplace:md5,756cd9e02d0b7f6d0d253b517796175e",
                "epang.log:md5,a9a10d3a4ec117d5f4165eafc289478e",
                "query.fasta:md5,bd4375b8f6e50b154a6b054cd0cf31e0",
                "ref.fasta:md5,eb4bb819cf55e0f66cb1ae97791848ac",
                "ref.nwk:md5,94103d37a4e36ca17bb22bb24edb7a69",
                "epa_info.log:md5,60ca7ebb7d78a2f8bdc609185ac9af73",
                "epa_result.jplace:md5,15ded3569b778a3de2b6eaea453a1278",
                "epang.log:md5,60ca7ebb7d78a2f8bdc609185ac9af73",
                "query.fasta:md5,8f4b189f158d02e0f8693bff97bd73cf",
                "ref.fasta:md5,69ae4bd965a4bc65163c8938ace2bc68",
                "ref.nwk:md5,62269ec5b01c8d2f0c4cc06bcdcd6be4",
                "epa_info.log:md5,2606a6294a152a2a4f33710b6a215e4a",
                "epa_result.jplace:md5,a0b0bfa240b19ab0c943f1d9fe54fc51",
                "epang.log:md5,2606a6294a152a2a4f33710b6a215e4a",
                "query.fasta:md5,920eea45bb592d63b931236bcaa6f10d",
                "ref.fasta:md5,77408f21d0914f6f297ef2ed25010ee3",
                "ref.nwk:md5,04cddf8af72767d9548b83bb661b7c4a",
                "epa_info.log:md5,7ea5bd8904adcd1633f0acdbf6bb4c78",
                "epa_result.jplace:md5,28a0de43d61c11cb04d4b8a4fec8e54c",
                "epang.log:md5,7ea5bd8904adcd1633f0acdbf6bb4c78",
                "query.fasta:md5,7b95b8897d3cfb833c5ce6d33fd4d876",
                "ref.fasta:md5,a96540df46a05f5a57802a3c10afa66e",
                "ref.nwk:md5,096dd7a37efdb87274021fa1e37e75ff",
                "epa_info.log:md5,49851a5adabb0bfa227b4e344fce66e3",
                "epa_result.jplace:md5,e3acadaa54bc76037cf07be78b48b027",
                "epang.log:md5,49851a5adabb0bfa227b4e344fce66e3",
                "query.fasta:md5,a608e5df3336c5a179c52d3f74e650a9",
                "ref.fasta:md5,6bde63d5b3f693dba1eb9851d8324f0c",
                "ref.nwk:md5,815a10b25f00d34b31a75ff2ce3b7722",
                "epa_info.log:md5,73b7f6a013a96ad6485bf4e042de3f97",
                "epa_result.jplace:md5,5555742f1e117442a516a99faabbbc94",
                "epang.log:md5,73b7f6a013a96ad6485bf4e042de3f97",
                "query.fasta:md5,53c2c1800cca52aebd075e7af7c3fe76",
                "ref.fasta:md5,f88bf05fd14e30290c4dc81f31cdf8b7",
                "ref.nwk:md5,d4db2304b7c4acd94d244e61778fd426",
                "epa_info.log:md5,25792908f3578148c82bf3f1dc4971db",
                "epa_result.jplace:md5,b5287dfcefbd22a96fbe0876463750b8",
                "epang.log:md5,25792908f3578148c82bf3f1dc4971db",
                "query.fasta:md5,0fa3cd4169734e1ba89eafd24667c605",
                "ref.fasta:md5,b6dfe422b7612047732f3d3936da9b6f",
                "ref.nwk:md5,fe2722da595fb39e81b306812e8a0124",
                "epa_info.log:md5,bf5357691e4b32f92336b6c622ab2178",
                "epa_result.jplace:md5,99e91156891a437570f90de4cbb0253c",
                "epang.log:md5,bf5357691e4b32f92336b6c622ab2178",
                "query.fasta:md5,68d88ecba4d7e2946e112d89c172e518",
                "ref.fasta:md5,1f50c1096cd3c883c074063fc5f7838e",
                "ref.nwk:md5,3303b292b35ddefbe5c6bb0afdd71162",
                "manifest.json:md5,d2ffd781d54f8ea17b14633c22d89886",
                "query.fasta:md5,b8a08c188a7d3fcacc738c0639909261",
                "ref.fasta:md5,e625c7ab5b320b4a7a735763ae622157",
                "ref.nwk:md5,bc5244355d88f9c0bf837e20aca1a13a",
                "query.fasta:md5,0f24ab05f1836e0537afe427a3e56417",
                "ref.fasta:md5,4d63460e36bfe6af9f0bb70bec1f1477",
                "ref.nwk:md5,12a252c27fa086f950a77ee6bcd8056c",
                "query.fasta:md5,3a582742088147e23524383cb947d391",
                "ref.fasta:md5,a6245d1ea540abe688d0510ebde3f3bb",
                "ref.nwk:md5,4bbfba7b1a9271fd92bbdc5acea770c6",
                "query.fasta:md5,05f31de10beab0442e98582603316cf4",
                "ref.fasta:md5,95a1512506d2dff83ef9ee0d21dcc53d",
                "ref.nwk:md5,bddeef3246646c41fe39706bcda98ba9",
                "query.fasta:md5,89f9d7bb246c076765d08edde52a7297",
                "ref.fasta:md5,24d4f002414ebb1f38bf4fc45ed70169",
                "ref.nwk:md5,1488bfc112424d6101ae2147f0302823",
                "query.fasta:md5,d0fe68aa9051e6f85cdcd447e311f970",
                "ref.fasta:md5,06ba3be65f374dd9aa67c6568088a61a",
                "ref.nwk:md5,309436f1123a53fb0f1b6e8da5933674",
                "query.fasta:md5,f6a9a3f9afbba433a2fe1e1f8540b98d",
                "ref.fasta:md5,4932b1a7d6fbf6bfa74cdeddce3d0bc8",
                "ref.nwk:md5,7a1ececb90f4f0352845d48a88672833",
                "query.fasta:md5,a828e294961de90825b229e35f47f954",
                "ref.fasta:md5,260d5c44e3f090bb49088342e778369d",
                "ref.nwk:md5,32d7808522299f24080555da6ed6cc87",
                "query.fasta:md5,24e36ecc2a5f8d5bf510033a50e73f87",
                "ref.fasta:md5,98bd384cdcdd8750ec02f0b25bf0d115",
                "ref.nwk:md5,eee1c8227ef727c449ad62e23c974456",
                "query.fasta:md5,743bc43a27b913c424f2921911f324ca",
                "ref.fasta:md5,5bfcc21c82d8d6508f114d6d95630c1c",
                "ref.nwk:md5,35cec802d9b971977011561dab6fc13a",
                "query.fasta:md5,492f1143bbcdba22b483d9efa8678b54",
                "ref.fasta:md5,70eef254f1a7755892f8255442f127e8",
                "ref.nwk:md5,a8964d64922ff261bd0ea7c618fae7f3",
                "query.fasta:md5,51561941ac0208f03ea4289955a69058",
                "ref.fasta:md5,0eb9dc98e9eaf08643c66ecf29e5fc60",
                "ref.nwk:md5,75199439bebfd611b64c0ca9bf67cbcf",
                "query.fasta:md5,2aba6fdeccee285d7bc4bfb587d4bf94",
                "ref.fasta:md5,5a7816582409433cfa95961295d0e163",
                "ref.nwk:md5,df388e51c486dc0b23e815689ed9a729",
                "query.fasta:md5,9fd0bf4fdcc19c5fffee6e0f90aae21b",
                "ref.fasta:md5,8381f3e0c54a84f07532a4bd14c77f82",
                "ref.nwk:md5,a7c1ce07ab3e93551a654e05395b9d69",
                "query.fasta:md5,63422105d1afc812972c4b164833952a",
                "ref.fasta:md5,d1ad2ba1373f1cf1c16681b54e4a15b2",
                "ref.nwk:md5,067a51e0a6a3041cafd674968facf868",
                "query.fasta:md5,d4ebfa9cb2ac8c7536489cdc83118078",
                "ref.fasta:md5,1c95e636f5749cc31f287d69fdcebc39",
                "ref.nwk:md5,c4f00018de5986e33c91a11111c84ad0",
                "query.fasta:md5,c7707e9134deddd6e3cd4fb7445b2cd8",
                "ref.fasta:md5,77436eb2ad69e452f665b6add2342ee4",
                "ref.nwk:md5,7c1f9df39365d3612ec6be04cb4d5d63",
                "query.fasta:md5,bd4375b8f6e50b154a6b054cd0cf31e0",
                "ref.fasta:md5,eb4bb819cf55e0f66cb1ae97791848ac",
                "ref.nwk:md5,94103d37a4e36ca17bb22bb24edb7a69",
                "query.fasta:md5,8f4b189f158d02e0f8693bff97bd73cf",
                "ref.fasta:md5,69ae4bd965a4bc65163c8938ace2bc68",
                "ref.nwk:md5,62269ec5b01c8d2f0c4cc06bcdcd6be4",
                "query.fasta:md5,920eea45bb592d63b931236bcaa6f10d",
                "ref.fasta:md5,77408f21d0914f6f297ef2ed25010ee3",
                "ref.nwk:md5,04cddf8af72767d9548b83bb661b7c4a",
                "query.fasta:md5,7b95b8897d3cfb833c5ce6d33fd4d876",
                "ref.fasta:md5,a96540df46a05f5a57802a3c10afa66e",
                "ref.nwk:md5,096dd7a37efdb87274021fa1e37e75ff",
                "query.fasta:md5,a608e5df3336c5a179c52d3f74e650a9",
                "ref.fasta:md5,6bde63d5b3f693dba1eb9851d8324f0c",
                "ref.nwk:md5,815a10b25f00d34b31a75ff2ce3b7722",
                "query.fasta:md5,53c2c1800cca52aebd075e7af7c3fe76",
                "ref.fasta:md5,f88bf05fd14e30290c4dc81f31cdf8b7",
                "ref.nwk:md5,d4db2304b7c4acd94d244e61778fd426",
                "query.fasta:md5,0fa3cd4169734e1ba89eafd24667c605",
                "ref.fasta:md5,b6dfe422b7612047732f3d3936da9b6f",
                "ref.nwk:md5,fe2722da595fb39e81b306812e8a0124",
                "query.fasta:md5,68d88ecba4d7e2946e112d89c172e518",
                "ref.fasta:md5,1f50c1096cd3c883c074063fc5f7838e",
                "ref.nwk:md5,3303b292b35ddefbe5c6bb0afdd71162",
                "manifest.json:md5,d2ffd781d54f8ea17b14633c22d89886",
                "user-alignment.mis:md5,ba82090e76ff09b712aaef81347be20f",
                "user-alignment.mislabels.tsv:md5,a14d8978f3bee72c8c9a10195cd06f07",
                "user-alignment.model:md5,e4951d026583d088cab27fa6b283e0de",
                "user-alignment.summary.txt:md5,ac13396bae7956ddbb0e24acee54c836",
                "user-alignment.guide.nwk:md5,d02bbee02826f3322e3833fc86702e44"
            ]
        ],
        "timestamp": "2026-09-17T11:36:44.793975081",
        "meta": {
            "nf-test": "0.9.4",
            "nextflow": "26.04.6"
        }
    }
}