{
    "versions_raxtax_disabled": {
        "content": [
            {
                "CHECKALIGNED": {
                    "biopython": 1.84,
                    "python": "3.12.12"
                },
                "CHECKNAMECONSISTENCY": {
                    "biopython": 1.84,
                    "python": "3.12.12"
                },
                "EMBOSS_SEQRET": {
                    "emboss": "6.6.0.0"
                },
                "GAPFILTER": {
                    "python": "3.12.12"
                },
                "RAXMLNG_SEARCH": {
                    "raxmlng": "2.0.3"
                },
                "RESOLVETAXONOMY": {
                    "python": "3.12.12"
                },
                "SATIVAEPANGMISREPORT": {
                    "python": "3.11.10"
                },
                "SATIVAEPANG_LOOPLACE": {
                    "sativaepang": "0.10.0"
                },
                "SATIVAEPANG_LOOSCORE": {
                    "sativaepang": "0.10.0"
                },
                "SATIVAEPANG_LOOTASKS": {
                    "sativaepang": "0.10.0"
                },
                "SATIVAEPANG_REFERENCE": {
                    "sativaepang": "0.10.0"
                },
                "TAXONOMYTREE": {
                    "python": "3.11.10"
                },
                "Workflow": {
                    "nf-core/taxmarker": "v1.0.0dev"
                }
            }
        ],
        "timestamp": "2026-09-17T08:24:12.083998222",
        "meta": {
            "nf-test": "0.9.4",
            "nextflow": "26.04.6"
        }
    },
    "versions_default_rank": {
        "content": [
            {
                "CHECKALIGNED": {
                    "biopython": 1.84,
                    "python": "3.12.12"
                },
                "CHECKNAMECONSISTENCY": {
                    "biopython": 1.84,
                    "python": "3.12.12"
                },
                "EMBOSS_SEQRET": {
                    "emboss": "6.6.0.0"
                },
                "GAPFILTER": {
                    "python": "3.12.12"
                },
                "RAXMLNG_SEARCH": {
                    "raxmlng": "2.0.3"
                },
                "RAXTAX": {
                    "raxtax": "1.6.0"
                },
                "RAXTAXFILTER": {
                    "python": "3.12.12"
                },
                "RAXTAXFORMAT": {
                    "python": "3.12.12"
                },
                "RESOLVETAXONOMY": {
                    "python": "3.12.12"
                },
                "SATIVAEPANGMISREPORT": {
                    "python": "3.11.10"
                },
                "SATIVAEPANG_LOOPLACE": {
                    "sativaepang": "0.10.0"
                },
                "SATIVAEPANG_LOOSCORE": {
                    "sativaepang": "0.10.0"
                },
                "SATIVAEPANG_LOOTASKS": {
                    "sativaepang": "0.10.0"
                },
                "SATIVAEPANG_REFERENCE": {
                    "sativaepang": "0.10.0"
                },
                "TAXONOMYTREE": {
                    "python": "3.11.10"
                },
                "Workflow": {
                    "nf-core/taxmarker": "v1.0.0dev"
                }
            }
        ],
        "timestamp": "2026-09-17T08:10:07.776163821",
        "meta": {
            "nf-test": "0.9.4",
            "nextflow": "26.04.6"
        }
    },
    "versions_sativa_skipped": {
        "content": [
            {
                "CHECKALIGNED": {
                    "biopython": 1.84,
                    "python": "3.12.12"
                },
                "CHECKNAMECONSISTENCY": {
                    "biopython": 1.84,
                    "python": "3.12.12"
                },
                "EMBOSS_SEQRET": {
                    "emboss": "6.6.0.0"
                },
                "GAPFILTER": {
                    "python": "3.12.12"
                },
                "RAXTAX": {
                    "raxtax": "1.6.0"
                },
                "RAXTAXFILTER": {
                    "python": "3.12.12"
                },
                "RAXTAXFORMAT": {
                    "python": "3.12.12"
                },
                "RESOLVETAXONOMY": {
                    "python": "3.12.12"
                },
                "Workflow": {
                    "nf-core/taxmarker": "v1.0.0dev"
                }
            }
        ],
        "timestamp": "2026-09-16T16:54:41.910156657",
        "meta": {
            "nf-test": "0.9.4",
            "nextflow": "26.04.6"
        }
    },
    "versions_coarse_rank": {
        "content": [
            {
                "CHECKALIGNED": {
                    "biopython": 1.84,
                    "python": "3.12.12"
                },
                "CHECKNAMECONSISTENCY": {
                    "biopython": 1.84,
                    "python": "3.12.12"
                },
                "EMBOSS_SEQRET": {
                    "emboss": "6.6.0.0"
                },
                "GAPFILTER": {
                    "python": "3.12.12"
                },
                "RAXMLNG_SEARCH": {
                    "raxmlng": "2.0.3"
                },
                "RAXTAX": {
                    "raxtax": "1.6.0"
                },
                "RAXTAXFILTER": {
                    "python": "3.12.12"
                },
                "RAXTAXFORMAT": {
                    "python": "3.12.12"
                },
                "RESOLVETAXONOMY": {
                    "python": "3.12.12"
                },
                "SATIVAEPANGMISREPORT": {
                    "python": "3.11.10"
                },
                "SATIVAEPANG_LOOPLACE": {
                    "sativaepang": "0.10.0"
                },
                "SATIVAEPANG_LOOSCORE": {
                    "sativaepang": "0.10.0"
                },
                "SATIVAEPANG_LOOTASKS": {
                    "sativaepang": "0.10.0"
                },
                "SATIVAEPANG_REFERENCE": {
                    "sativaepang": "0.10.0"
                },
                "TAXONOMYTREE": {
                    "python": "3.11.10"
                },
                "Workflow": {
                    "nf-core/taxmarker": "v1.0.0dev"
                }
            }
        ],
        "timestamp": "2026-09-17T08:11:15.718800522",
        "meta": {
            "nf-test": "0.9.4",
            "nextflow": "26.04.6"
        }
    }
}