{
    "versions_raxtax_disabled": {
        "content": [
            {
                "CHECKALIGNED": {
                    "biopython": 1.84,
                    "python": "3.12.12"
                },
                "CHECKNAMECONSISTENCY": {
                    "biopython": 1.84,
                    "python": "3.12.12"
                },
                "EMBOSS_SEQRET": {
                    "emboss": "6.6.0.0"
                },
                "EPANG_PLACE": {
                    "epa-ng": "0.3.8"
                },
                "GAPFILTER": {
                    "python": "3.12.12"
                },
                "IQTREE": {
                    "iqtree": "2.4.0"
                },
                "RESOLVETAXONOMY": {
                    "python": "3.12.12"
                },
                "SATIVALOOSPLIT": {
                    "biopython": 1.84,
                    "python": "3.12.12"
                },
                "SATIVASCORE": {
                    "python": "3.11.10"
                },
                "TAXONOMYTREE": {
                    "python": "3.11.10"
                },
                "Workflow": {
                    "nf-core/taxmarker": "v1.0.0dev"
                }
            }
        ],
        "timestamp": "2026-09-16T16:47:38.072910694",
        "meta": {
            "nf-test": "0.9.4",
            "nextflow": "26.04.6"
        }
    },
    "versions_default_rank": {
        "content": [
            {
                "CHECKALIGNED": {
                    "biopython": 1.84,
                    "python": "3.12.12"
                },
                "CHECKNAMECONSISTENCY": {
                    "biopython": 1.84,
                    "python": "3.12.12"
                },
                "EMBOSS_SEQRET": {
                    "emboss": "6.6.0.0"
                },
                "EPANG_PLACE": {
                    "epa-ng": "0.3.8"
                },
                "GAPFILTER": {
                    "python": "3.12.12"
                },
                "IQTREE": {
                    "iqtree": "2.4.0"
                },
                "RAXTAX": {
                    "raxtax": "1.6.0"
                },
                "RAXTAXFILTER": {
                    "python": "3.12.12"
                },
                "RAXTAXFORMAT": {
                    "python": "3.12.12"
                },
                "RESOLVETAXONOMY": {
                    "python": "3.12.12"
                },
                "SATIVALOOSPLIT": {
                    "biopython": 1.84,
                    "python": "3.12.12"
                },
                "SATIVASCORE": {
                    "python": "3.11.10"
                },
                "TAXONOMYTREE": {
                    "python": "3.11.10"
                },
                "Workflow": {
                    "nf-core/taxmarker": "v1.0.0dev"
                }
            }
        ],
        "timestamp": "2026-09-16T16:50:49.974440093",
        "meta": {
            "nf-test": "0.9.4",
            "nextflow": "26.04.6"
        }
    },
    "versions_sativa_skipped": {
        "content": [
            {
                "CHECKALIGNED": {
                    "biopython": 1.84,
                    "python": "3.12.12"
                },
                "CHECKNAMECONSISTENCY": {
                    "biopython": 1.84,
                    "python": "3.12.12"
                },
                "EMBOSS_SEQRET": {
                    "emboss": "6.6.0.0"
                },
                "GAPFILTER": {
                    "python": "3.12.12"
                },
                "RAXTAX": {
                    "raxtax": "1.6.0"
                },
                "RAXTAXFILTER": {
                    "python": "3.12.12"
                },
                "RAXTAXFORMAT": {
                    "python": "3.12.12"
                },
                "RESOLVETAXONOMY": {
                    "python": "3.12.12"
                },
                "Workflow": {
                    "nf-core/taxmarker": "v1.0.0dev"
                }
            }
        ],
        "timestamp": "2026-09-16T16:54:41.910156657",
        "meta": {
            "nf-test": "0.9.4",
            "nextflow": "26.04.6"
        }
    },
    "versions_coarse_rank": {
        "content": [
            {
                "CHECKALIGNED": {
                    "biopython": 1.84,
                    "python": "3.12.12"
                },
                "CHECKNAMECONSISTENCY": {
                    "biopython": 1.84,
                    "python": "3.12.12"
                },
                "EMBOSS_SEQRET": {
                    "emboss": "6.6.0.0"
                },
                "EPANG_PLACE": {
                    "epa-ng": "0.3.8"
                },
                "GAPFILTER": {
                    "python": "3.12.12"
                },
                "IQTREE": {
                    "iqtree": "2.4.0"
                },
                "RAXTAX": {
                    "raxtax": "1.6.0"
                },
                "RAXTAXFILTER": {
                    "python": "3.12.12"
                },
                "RAXTAXFORMAT": {
                    "python": "3.12.12"
                },
                "RESOLVETAXONOMY": {
                    "python": "3.12.12"
                },
                "SATIVALOOSPLIT": {
                    "biopython": 1.84,
                    "python": "3.12.12"
                },
                "SATIVASCORE": {
                    "python": "3.11.10"
                },
                "TAXONOMYTREE": {
                    "python": "3.11.10"
                },
                "Workflow": {
                    "nf-core/taxmarker": "v1.0.0dev"
                }
            }
        ],
        "timestamp": "2026-09-16T16:53:54.661951459",
        "meta": {
            "nf-test": "0.9.4",
            "nextflow": "26.04.6"
        }
    }
}