{
    "weight x length ranking - stub": {
        "content": [
            {
                "0": [
                    [
                        {
                            "id": "export_test"
                        },
                        [
                            "export_test.n1.addSpecies.fna.gz:md5,d41d8cd98f00b204e9800998ecf8427e",
                            "export_test.n5.addSpecies.fna.gz:md5,d41d8cd98f00b204e9800998ecf8427e"
                        ]
                    ]
                ],
                "1": [
                    [
                        {
                            "id": "export_test"
                        },
                        [
                            "export_test.n1.assignTaxonomy.fna.gz:md5,d41d8cd98f00b204e9800998ecf8427e",
                            "export_test.n5.assignTaxonomy.fna.gz:md5,d41d8cd98f00b204e9800998ecf8427e"
                        ]
                    ]
                ],
                "2": [
                    [
                        {
                            "id": "export_test"
                        },
                        [
                            "export_test.n1.general.fna.gz:md5,d41d8cd98f00b204e9800998ecf8427e",
                            "export_test.n5.general.fna.gz:md5,d41d8cd98f00b204e9800998ecf8427e"
                        ]
                    ]
                ],
                "3": [
                    "versions.yml:md5,63ad93552ffaf5bef21f5a7e437c8aca"
                ],
                "addspecies": [
                    [
                        {
                            "id": "export_test"
                        },
                        [
                            "export_test.n1.addSpecies.fna.gz:md5,d41d8cd98f00b204e9800998ecf8427e",
                            "export_test.n5.addSpecies.fna.gz:md5,d41d8cd98f00b204e9800998ecf8427e"
                        ]
                    ]
                ],
                "assigntaxonomy": [
                    [
                        {
                            "id": "export_test"
                        },
                        [
                            "export_test.n1.assignTaxonomy.fna.gz:md5,d41d8cd98f00b204e9800998ecf8427e",
                            "export_test.n5.assignTaxonomy.fna.gz:md5,d41d8cd98f00b204e9800998ecf8427e"
                        ]
                    ]
                ],
                "general": [
                    [
                        {
                            "id": "export_test"
                        },
                        [
                            "export_test.n1.general.fna.gz:md5,d41d8cd98f00b204e9800998ecf8427e",
                            "export_test.n5.general.fna.gz:md5,d41d8cd98f00b204e9800998ecf8427e"
                        ]
                    ]
                ],
                "versions": [
                    "versions.yml:md5,63ad93552ffaf5bef21f5a7e437c8aca"
                ]
            }
        ],
        "timestamp": "2026-09-29T17:00:40.14928534",
        "meta": {
            "nf-test": "0.9.4",
            "nextflow": "26.04.6"
        }
    }
}