{
    "sativa-epang tiny example": {
        "content": [
            {
                "mis": [
                    [
                        {
                            "id": "test"
                        },
                        "test.mis:md5,0a0efff6a162ab994ee15f92231dc7e9"
                    ]
                ],
                "versions_sativaepang": [
                    [
                        "SATIVAEPANG_LOOSCORE",
                        "sativaepang",
                        "0.10.2"
                    ]
                ]
            }
        ],
        "timestamp": "2026-09-30T10:06:18.349938",
        "meta": {
            "nf-test": "0.9.5",
            "nextflow": "26.04.6"
        }
    },
    "gtdb archaea 16S": {
        "content": [
            {
                "mis": [
                    [
                        {
                            "id": "test"
                        },
                        "test.mis:md5,a636eab9f102adb5fc73845af04200d7"
                    ]
                ],
                "versions_sativaepang": [
                    [
                        "SATIVAEPANG_LOOSCORE",
                        "sativaepang",
                        "0.10.2"
                    ]
                ]
            }
        ],
        "timestamp": "2026-09-30T10:06:32.497868",
        "meta": {
            "nf-test": "0.9.5",
            "nextflow": "26.04.6"
        }
    },
    "sativa-epang tiny example - stub": {
        "content": [
            {
                "mis": [
                    [
                        {
                            "id": "test"
                        },
                        "test.mis:md5,d41d8cd98f00b204e9800998ecf8427e"
                    ]
                ],
                "versions_sativaepang": [
                    [
                        "SATIVAEPANG_LOOSCORE",
                        "sativaepang",
                        "0.10.2"
                    ]
                ]
            }
        ],
        "timestamp": "2026-09-24T14:13:30.230017",
        "meta": {
            "nf-test": "0.9.5",
            "nextflow": "26.04.6"
        }
    }
}